** Drc report for /home/user/RetroESP32-P4_m5StackTab5/hardware/tab5_controller/boards/snes/kicad/retropad_snes.kicad_pcb **
** Created on 2026-10-05 19:52:30 **

** Found 84 DRC violations **
[silk_overlap]: Silkscreen overlap
    Rule: board setup constraints silk; Severity: warning
    @(93.4775 mm, 99.2373 mm): Line on B.Silkscreen
    @(93.4300 mm, 99.0000 mm): Reference 'C5'
[silk_overlap]: Silkscreen overlap
    Rule: board setup constraints silk; Severity: warning
    @(85.4300 mm, 93.0000 mm): Reference 'R2'
    @(85.4775 mm, 93.2373 mm): Line on B.Silkscreen
[silk_overlap]: Silkscreen overlap
    Rule: board setup constraints silk; Severity: warning
    @(83.4775 mm, 93.2373 mm): Line on B.Silkscreen
    @(83.4300 mm, 93.0000 mm): Reference 'R3'
[silk_overlap]: Silkscreen overlap
    Rule: board setup constraints silk; Severity: warning
    @(104.0000 mm, 87.1500 mm): Reference 'U1'
    @(104.1406 mm, 86.9100 mm): Line on B.Silkscreen
[silk_over_copper]: Silkscreen clipped by solder mask
    Local override; Severity: warning
    @(117.7559 mm, 115.9233 mm): Line on F.Silkscreen
[silk_over_copper]: Silkscreen clipped by solder mask
    Local override; Severity: warning
    @(121.2915 mm, 119.4589 mm): Line on F.Silkscreen
[silk_over_copper]: Silkscreen clipped by solder mask
    Local override; Severity: warning
    @(124.5300 mm, 122.6974 mm): Line on F.Silkscreen
[silk_over_copper]: Silkscreen clipped by solder mask
    Local override; Severity: warning
    @(124.5300 mm, 105.3026 mm): Line on F.Silkscreen
[silk_over_copper]: Silkscreen clipped by solder mask
    Local override; Severity: warning
    @(127.7685 mm, 108.5411 mm): Line on F.Silkscreen
[silk_over_copper]: Silkscreen clipped by solder mask
    Local override; Severity: warning
    @(131.3041 mm, 112.0767 mm): Line on F.Silkscreen
[silk_over_copper]: Silkscreen clipped by solder mask
    Local override; Severity: warning
    @(131.2559 mm, 126.4233 mm): Line on F.Silkscreen
[silk_over_copper]: Silkscreen clipped by solder mask
    Local override; Severity: warning
    @(134.7915 mm, 129.9589 mm): Line on F.Silkscreen
[silk_over_copper]: Silkscreen clipped by solder mask
    Local override; Severity: warning
    @(138.0300 mm, 133.1974 mm): Line on F.Silkscreen
[silk_over_copper]: Silkscreen clipped by solder mask
    Local override; Severity: warning
    @(138.0300 mm, 115.8026 mm): Line on F.Silkscreen
[silk_over_copper]: Silkscreen clipped by solder mask
    Local override; Severity: warning
    @(141.2685 mm, 119.0411 mm): Line on F.Silkscreen
[silk_over_copper]: Silkscreen clipped by solder mask
    Local override; Severity: warning
    @(144.8041 mm, 122.5767 mm): Line on F.Silkscreen
[silk_over_copper]: Silkscreen clipped by solder mask
    Local override; Severity: warning
    @(131.2559 mm, 105.4233 mm): Line on F.Silkscreen
[silk_over_copper]: Silkscreen clipped by solder mask
    Local override; Severity: warning
    @(134.7915 mm, 108.9589 mm): Line on F.Silkscreen
[silk_over_copper]: Silkscreen clipped by solder mask
    Local override; Severity: warning
    @(138.0300 mm, 112.1974 mm): Line on F.Silkscreen
[silk_over_copper]: Silkscreen clipped by solder mask
    Local override; Severity: warning
    @(138.0300 mm, 94.8026 mm): Line on F.Silkscreen
[silk_over_copper]: Silkscreen clipped by solder mask
    Local override; Severity: warning
    @(141.2685 mm, 98.0411 mm): Line on F.Silkscreen
[silk_over_copper]: Silkscreen clipped by solder mask
    Local override; Severity: warning
    @(144.8041 mm, 101.5767 mm): Line on F.Silkscreen
[silk_over_copper]: Silkscreen clipped by solder mask
    Local override; Severity: warning
    @(144.7559 mm, 115.9233 mm): Line on F.Silkscreen
[silk_over_copper]: Silkscreen clipped by solder mask
    Local override; Severity: warning
    @(148.2915 mm, 119.4589 mm): Line on F.Silkscreen
[silk_over_copper]: Silkscreen clipped by solder mask
    Local override; Severity: warning
    @(151.5300 mm, 122.6974 mm): Line on F.Silkscreen
[silk_over_copper]: Silkscreen clipped by solder mask
    Local override; Severity: warning
    @(151.5300 mm, 105.3026 mm): Line on F.Silkscreen
[silk_over_copper]: Silkscreen clipped by solder mask
    Local override; Severity: warning
    @(154.7685 mm, 108.5411 mm): Line on F.Silkscreen
[silk_over_copper]: Silkscreen clipped by solder mask
    Local override; Severity: warning
    @(158.3041 mm, 112.0767 mm): Line on F.Silkscreen
[silk_over_copper]: Silkscreen clipped by solder mask
    Local override; Severity: warning
    @(104.0000 mm, 87.1500 mm): Reference 'U1'
[silk_over_copper]: Silkscreen clipped by solder mask
    Local override; Severity: warning
    @(93.4300 mm, 99.0000 mm): Reference 'C5'
[silk_over_copper]: Silkscreen clipped by solder mask
    Local override; Severity: warning
    @(85.4300 mm, 93.0000 mm): Reference 'R2'
[silk_over_copper]: Silkscreen clipped by solder mask
    Local override; Severity: warning
    @(83.4300 mm, 93.0000 mm): Reference 'R3'
[lib_footprint_issues]: The current configuration does not include the library 'Connector_PinHeader_2.54mm'.
    Local override; Severity: warning
    @(60.9200 mm, 90.0800 mm): Footprint J1
[lib_footprint_issues]: The current configuration does not include the library 'Button_Switch_THT'.
    Local override; Severity: warning
    @(100.1109 mm, 109.7071 mm): Footprint SW11
[lib_footprint_issues]: The current configuration does not include the library 'Button_Switch_THT'.
    Local override; Severity: warning
    @(44.0900 mm, 104.2500 mm): Footprint SW12
[lib_footprint_issues]: The current configuration does not include the library 'Button_Switch_THT'.
    Local override; Severity: warning
    @(106.3359 mm, 119.6871 mm): Footprint SW10
[lib_footprint_issues]: The current configuration does not include the library 'Button_Switch_THT'.
    Local override; Severity: warning
    @(54.2200 mm, 111.7500 mm): Footprint SW3
[lib_footprint_issues]: The current configuration does not include the library 'Button_Switch_THT'.
    Local override; Severity: warning
    @(118.3428 mm, 116.6517 mm): Footprint SW7
[lib_footprint_issues]: The current configuration does not include the library 'Button_Switch_THT'.
    Local override; Severity: warning
    @(66.7200 mm, 99.5000 mm): Footprint SW1
[lib_footprint_issues]: The current configuration does not include the library 'MountingHole'.
    Local override; Severity: warning
    @(152.0000 mm, 95.0000 mm): Footprint H2
[lib_footprint_issues]: The current configuration does not include the library 'Button_Switch_THT'.
    Local override; Severity: warning
    @(131.8428 mm, 127.1517 mm): Footprint SW6
[lib_footprint_issues]: The current configuration does not include the library 'Button_Switch_THT'.
    Local override; Severity: warning
    @(79.2200 mm, 111.7500 mm): Footprint SW4
[lib_footprint_issues]: The current configuration does not include the library 'Button_Switch_THT'.
    Local override; Severity: warning
    @(163.9100 mm, 99.7500 mm): Footprint SW13
[lib_footprint_issues]: The current configuration does not include the library 'MountingHole'.
    Local override; Severity: warning
    @(56.0000 mm, 95.0000 mm): Footprint H1
[lib_footprint_issues]: The current configuration does not include the library 'Button_Switch_THT'.
    Local override; Severity: warning
    @(131.8428 mm, 106.1517 mm): Footprint SW5
[lib_footprint_issues]: The current configuration does not include the library 'Button_Switch_THT'.
    Local override; Severity: warning
    @(93.8859 mm, 119.6871 mm): Footprint SW9
[lib_footprint_issues]: The current configuration does not include the library 'Button_Switch_THT'.
    Local override; Severity: warning
    @(66.7200 mm, 124.2500 mm): Footprint SW2
[lib_footprint_issues]: The current configuration does not include the library 'Button_Switch_THT'.
    Local override; Severity: warning
    @(145.3428 mm, 116.6517 mm): Footprint SW8
[lib_footprint_issues]: The current configuration does not include the library 'Package_QFP'.
    Local override; Severity: warning
    @(104.0000 mm, 93.0000 mm): Footprint U1
[lib_footprint_issues]: The current configuration does not include the library 'Resistor_SMD'.
    Local override; Severity: warning
    @(116.0000 mm, 90.0000 mm): Footprint R5
[lib_footprint_issues]: The current configuration does not include the library 'Diode_SMD'.
    Local override; Severity: warning
    @(82.4700 mm, 114.0000 mm): Footprint D4
[lib_footprint_issues]: The current configuration does not include the library 'Diode_SMD'.
    Local override; Severity: warning
    @(138.0300 mm, 124.5000 mm): Footprint D6
[lib_footprint_issues]: The current configuration does not include the library 'Resistor_SMD'.
    Local override; Severity: warning
    @(128.0000 mm, 99.0000 mm): Footprint R9
[lib_footprint_issues]: The current configuration does not include the library 'Resistor_SMD'.
    Local override; Severity: warning
    @(131.0000 mm, 99.0000 mm): Footprint R10
[lib_footprint_issues]: The current configuration does not include the library 'Resistor_SMD'.
    Local override; Severity: warning
    @(94.0000 mm, 99.0000 mm): Footprint R4
[lib_footprint_issues]: The current configuration does not include the library 'Capacitor_SMD'.
    Local override; Severity: warning
    @(92.0000 mm, 99.0000 mm): Footprint C5
[lib_footprint_issues]: The current configuration does not include the library 'Diode_SMD'.
    Local override; Severity: warning
    @(104.0000 mm, 109.0000 mm): Footprint D11
[lib_footprint_issues]: The current configuration does not include the library 'Diode_SMD'.
    Local override; Severity: warning
    @(110.2250 mm, 118.9800 mm): Footprint D10
[lib_footprint_issues]: The current configuration does not include the library 'Diode_SMD'.
    Local override; Severity: warning
    @(57.4700 mm, 114.0000 mm): Footprint D3
[lib_footprint_issues]: The current configuration does not include the library 'Resistor_SMD'.
    Local override; Severity: warning
    @(84.0000 mm, 93.0000 mm): Footprint R2
[lib_footprint_issues]: The current configuration does not include the library 'Diode_SMD'.
    Local override; Severity: warning
    @(124.5300 mm, 114.0000 mm): Footprint D7
[lib_footprint_issues]: The current configuration does not include the library 'Diode_SMD'.
    Local override; Severity: warning
    @(156.0000 mm, 102.0000 mm): Footprint D13
[lib_footprint_issues]: The current configuration does not include the library 'Capacitor_SMD'.
    Local override; Severity: warning
    @(111.0000 mm, 93.0000 mm): Footprint C2
[lib_footprint_issues]: The current configuration does not include the library 'Diode_SMD'.
    Local override; Severity: warning
    @(69.9700 mm, 126.5000 mm): Footprint D2
[lib_footprint_issues]: The current configuration does not include the library 'Resistor_SMD'.
    Local override; Severity: warning
    @(125.0000 mm, 99.0000 mm): Footprint R8
[lib_footprint_issues]: The current configuration does not include the library 'Diode_SMD'.
    Local override; Severity: warning
    @(97.7750 mm, 118.9800 mm): Footprint D9
[lib_footprint_issues]: The current configuration does not include the library 'Capacitor_SMD'.
    Local override; Severity: warning
    @(98.6000 mm, 98.6000 mm): Footprint C3
[lib_footprint_issues]: The current configuration does not include the library 'Resistor_SMD'.
    Local override; Severity: warning
    @(122.0000 mm, 99.0000 mm): Footprint R7
[lib_footprint_issues]: The current configuration does not include the library 'Capacitor_SMD'.
    Local override; Severity: warning
    @(104.0000 mm, 86.4000 mm): Footprint C4
[lib_footprint_issues]: The current configuration does not include the library 'Diode_SMD'.
    Local override; Severity: warning
    @(52.0000 mm, 102.0000 mm): Footprint D12
[lib_footprint_issues]: The current configuration does not include the library 'Connector_PinHeader_2.54mm'.
    Local override; Severity: warning
    @(128.0000 mm, 86.5000 mm): Footprint J2
[lib_footprint_issues]: The current configuration does not include the library 'Resistor_SMD'.
    Local override; Severity: warning
    @(86.0000 mm, 93.0000 mm): Footprint R1
[lib_footprint_issues]: The current configuration does not include the library 'Resistor_SMD'.
    Local override; Severity: warning
    @(82.0000 mm, 93.0000 mm): Footprint R3
[lib_footprint_issues]: The current configuration does not include the library 'Diode_SMD'.
    Local override; Severity: warning
    @(138.0300 mm, 103.5000 mm): Footprint D5
[lib_footprint_issues]: The current configuration does not include the library 'Diode_SMD'.
    Local override; Severity: warning
    @(151.5300 mm, 114.0000 mm): Footprint D8
[lib_footprint_issues]: The current configuration does not include the library 'Resistor_SMD'.
    Local override; Severity: warning
    @(119.0000 mm, 99.0000 mm): Footprint R6
[lib_footprint_issues]: The current configuration does not include the library 'Diode_SMD'.
    Local override; Severity: warning
    @(69.9700 mm, 101.7500 mm): Footprint D1
[lib_footprint_issues]: The current configuration does not include the library 'Capacitor_SMD'.
    Local override; Severity: warning
    @(97.0000 mm, 93.0000 mm): Footprint C1
[silk_edge_clearance]: Silkscreen clipped by board edge
    Rule: board setup constraints silk; Severity: warning
    @(165.0000 mm, 83.5000 mm): Line on Edge.Cuts
    @(62.1900 mm, 86.1000 mm): Line on F.Silkscreen
[silk_edge_clearance]: Silkscreen clipped by board edge
    Rule: board setup constraints silk; Severity: warning
    @(165.0000 mm, 83.5000 mm): Line on Edge.Cuts
    @(64.7300 mm, 86.1000 mm): Line on F.Silkscreen
[silk_edge_clearance]: Silkscreen clipped by board edge
    Rule: board setup constraints silk; Severity: warning
    @(165.0000 mm, 83.5000 mm): Line on Edge.Cuts
    @(67.2700 mm, 86.1000 mm): Line on F.Silkscreen
[silk_edge_clearance]: Silkscreen clipped by board edge
    Rule: board setup constraints silk; Severity: warning
    @(165.0000 mm, 83.5000 mm): Line on Edge.Cuts
    @(69.8100 mm, 86.1000 mm): Line on F.Silkscreen
[silk_edge_clearance]: Silkscreen clipped by board edge
    Rule: board setup constraints silk; Severity: warning
    @(165.0000 mm, 83.5000 mm): Line on Edge.Cuts
    @(72.4100 mm, 86.1000 mm): Line on F.Silkscreen
[silk_edge_clearance]: Silkscreen clipped by board edge
    Rule: board setup constraints silk; Severity: warning
    @(165.0000 mm, 83.5000 mm): Line on Edge.Cuts
    @(59.5900 mm, 83.4400 mm): Line on F.Silkscreen

** Found 0 unconnected pads **

** Found 0 Footprint errors **

** End of Report **
