** Drc report for /home/user/RetroESP32-P4_m5StackTab5/hardware/tab5_controller/boards/genesis/kicad/retropad_genesis.kicad_pcb **
** Created on 2026-10-05 20:19:54 **

** Found 71 DRC violations **
[silk_overlap]: Silkscreen overlap
    Rule: board setup constraints silk; Severity: warning
    @(140.0000 mm, 86.5000 mm): PCB Text 'RetroPad GENESIS rev 0.1' on B.Silkscreen
    @(130.3300 mm, 86.5000 mm): Reference 'J2'
[silk_overlap]: Silkscreen overlap
    Rule: board setup constraints silk; Severity: warning
    @(104.0000 mm, 87.1500 mm): Reference 'U1'
    @(104.1406 mm, 86.9100 mm): Line on B.Silkscreen
[silk_overlap]: Silkscreen overlap
    Rule: board setup constraints silk; Severity: warning
    @(93.4775 mm, 99.2373 mm): Line on B.Silkscreen
    @(93.4300 mm, 99.0000 mm): Reference 'C5'
[silk_overlap]: Silkscreen overlap
    Rule: board setup constraints silk; Severity: warning
    @(83.4300 mm, 93.0000 mm): Reference 'R3'
    @(83.4775 mm, 93.2373 mm): Line on B.Silkscreen
[silk_overlap]: Silkscreen overlap
    Rule: board setup constraints silk; Severity: warning
    @(85.4300 mm, 93.0000 mm): Reference 'R2'
    @(85.4775 mm, 93.2373 mm): Line on B.Silkscreen
[silk_over_copper]: Silkscreen clipped by solder mask
    Local override; Severity: warning
    @(134.6000 mm, 120.1500 mm): Line on F.Silkscreen
[silk_over_copper]: Silkscreen clipped by solder mask
    Local override; Severity: warning
    @(139.6000 mm, 120.1500 mm): Line on F.Silkscreen
[silk_over_copper]: Silkscreen clipped by solder mask
    Local override; Severity: warning
    @(144.1800 mm, 120.1500 mm): Line on F.Silkscreen
[silk_over_copper]: Silkscreen clipped by solder mask
    Local override; Severity: warning
    @(131.8800 mm, 107.8500 mm): Line on F.Silkscreen
[silk_over_copper]: Silkscreen clipped by solder mask
    Local override; Severity: warning
    @(136.4600 mm, 107.8500 mm): Line on F.Silkscreen
[silk_over_copper]: Silkscreen clipped by solder mask
    Local override; Severity: warning
    @(141.4600 mm, 107.8500 mm): Line on F.Silkscreen
[silk_over_copper]: Silkscreen clipped by solder mask
    Local override; Severity: warning
    @(148.6000 mm, 117.1500 mm): Line on F.Silkscreen
[silk_over_copper]: Silkscreen clipped by solder mask
    Local override; Severity: warning
    @(153.6000 mm, 117.1500 mm): Line on F.Silkscreen
[silk_over_copper]: Silkscreen clipped by solder mask
    Local override; Severity: warning
    @(158.1800 mm, 117.1500 mm): Line on F.Silkscreen
[silk_over_copper]: Silkscreen clipped by solder mask
    Local override; Severity: warning
    @(145.8800 mm, 104.8500 mm): Line on F.Silkscreen
[silk_over_copper]: Silkscreen clipped by solder mask
    Local override; Severity: warning
    @(150.4600 mm, 104.8500 mm): Line on F.Silkscreen
[silk_over_copper]: Silkscreen clipped by solder mask
    Local override; Severity: warning
    @(155.4600 mm, 104.8500 mm): Line on F.Silkscreen
[silk_over_copper]: Silkscreen clipped by solder mask
    Local override; Severity: warning
    @(120.6000 mm, 123.1500 mm): Line on F.Silkscreen
[silk_over_copper]: Silkscreen clipped by solder mask
    Local override; Severity: warning
    @(125.6000 mm, 123.1500 mm): Line on F.Silkscreen
[silk_over_copper]: Silkscreen clipped by solder mask
    Local override; Severity: warning
    @(130.1800 mm, 123.1500 mm): Line on F.Silkscreen
[silk_over_copper]: Silkscreen clipped by solder mask
    Local override; Severity: warning
    @(117.8800 mm, 110.8500 mm): Line on F.Silkscreen
[silk_over_copper]: Silkscreen clipped by solder mask
    Local override; Severity: warning
    @(122.4600 mm, 110.8500 mm): Line on F.Silkscreen
[silk_over_copper]: Silkscreen clipped by solder mask
    Local override; Severity: warning
    @(127.4600 mm, 110.8500 mm): Line on F.Silkscreen
[silk_over_copper]: Silkscreen clipped by solder mask
    Local override; Severity: warning
    @(83.4300 mm, 93.0000 mm): Reference 'R3'
[silk_over_copper]: Silkscreen clipped by solder mask
    Local override; Severity: warning
    @(104.0000 mm, 87.1500 mm): Reference 'U1'
[silk_over_copper]: Silkscreen clipped by solder mask
    Local override; Severity: warning
    @(85.4300 mm, 93.0000 mm): Reference 'R2'
[silk_over_copper]: Silkscreen clipped by solder mask
    Local override; Severity: warning
    @(93.4300 mm, 99.0000 mm): Reference 'C5'
[lib_footprint_issues]: The current configuration does not include the library 'MountingHole'.
    Local override; Severity: warning
    @(56.0000 mm, 95.0000 mm): Footprint H1
[lib_footprint_issues]: The current configuration does not include the library 'Button_Switch_THT'.
    Local override; Severity: warning
    @(54.2200 mm, 111.7500 mm): Footprint SW3
[lib_footprint_issues]: The current configuration does not include the library 'MountingHole'.
    Local override; Severity: warning
    @(152.0000 mm, 95.0000 mm): Footprint H2
[lib_footprint_issues]: The current configuration does not include the library 'Connector_PinHeader_2.54mm'.
    Local override; Severity: warning
    @(60.9200 mm, 90.0800 mm): Footprint J1
[lib_footprint_issues]: The current configuration does not include the library 'Button_Switch_THT'.
    Local override; Severity: warning
    @(100.1109 mm, 122.1871 mm): Footprint SW8
[lib_footprint_issues]: The current configuration does not include the library 'Button_Switch_THT'.
    Local override; Severity: warning
    @(79.2200 mm, 111.7500 mm): Footprint SW4
[lib_footprint_issues]: The current configuration does not include the library 'Button_Switch_THT'.
    Local override; Severity: warning
    @(135.5300 mm, 120.2500 mm): Footprint SW6
[lib_footprint_issues]: The current configuration does not include the library 'Button_Switch_THT'.
    Local override; Severity: warning
    @(149.5300 mm, 117.2500 mm): Footprint SW7
[lib_footprint_issues]: The current configuration does not include the library 'Button_Switch_THT'.
    Local override; Severity: warning
    @(66.7200 mm, 99.5000 mm): Footprint SW1
[lib_footprint_issues]: The current configuration does not include the library 'Button_Switch_THT'.
    Local override; Severity: warning
    @(121.5300 mm, 123.2500 mm): Footprint SW5
[lib_footprint_issues]: The current configuration does not include the library 'Button_Switch_THT'.
    Local override; Severity: warning
    @(100.1109 mm, 109.7071 mm): Footprint SW9
[lib_footprint_issues]: The current configuration does not include the library 'Button_Switch_THT'.
    Local override; Severity: warning
    @(66.7200 mm, 124.2500 mm): Footprint SW2
[lib_footprint_issues]: The current configuration does not include the library 'Diode_SMD'.
    Local override; Severity: warning
    @(57.4700 mm, 114.0000 mm): Footprint D3
[lib_footprint_issues]: The current configuration does not include the library 'Resistor_SMD'.
    Local override; Severity: warning
    @(94.0000 mm, 99.0000 mm): Footprint R4
[lib_footprint_issues]: The current configuration does not include the library 'Connector_PinHeader_2.54mm'.
    Local override; Severity: warning
    @(128.0000 mm, 86.5000 mm): Footprint J2
[lib_footprint_issues]: The current configuration does not include the library 'Capacitor_SMD'.
    Local override; Severity: warning
    @(104.0000 mm, 86.4000 mm): Footprint C4
[lib_footprint_issues]: The current configuration does not include the library 'Resistor_SMD'.
    Local override; Severity: warning
    @(82.0000 mm, 93.0000 mm): Footprint R3
[lib_footprint_issues]: The current configuration does not include the library 'Resistor_SMD'.
    Local override; Severity: warning
    @(131.0000 mm, 99.0000 mm): Footprint R10
[lib_footprint_issues]: The current configuration does not include the library 'Resistor_SMD'.
    Local override; Severity: warning
    @(128.0000 mm, 99.0000 mm): Footprint R9
[lib_footprint_issues]: The current configuration does not include the library 'Diode_SMD'.
    Local override; Severity: warning
    @(69.9700 mm, 126.5000 mm): Footprint D2
[lib_footprint_issues]: The current configuration does not include the library 'Diode_SMD'.
    Local override; Severity: warning
    @(124.0300 mm, 117.0000 mm): Footprint D5
[lib_footprint_issues]: The current configuration does not include the library 'Diode_SMD'.
    Local override; Severity: warning
    @(138.0300 mm, 114.0000 mm): Footprint D6
[lib_footprint_issues]: The current configuration does not include the library 'Capacitor_SMD'.
    Local override; Severity: warning
    @(111.0000 mm, 93.0000 mm): Footprint C2
[lib_footprint_issues]: The current configuration does not include the library 'Capacitor_SMD'.
    Local override; Severity: warning
    @(98.6000 mm, 98.6000 mm): Footprint C3
[lib_footprint_issues]: The current configuration does not include the library 'Diode_SMD'.
    Local override; Severity: warning
    @(69.9700 mm, 101.7500 mm): Footprint D1
[lib_footprint_issues]: The current configuration does not include the library 'Package_QFP'.
    Local override; Severity: warning
    @(104.0000 mm, 93.0000 mm): Footprint U1
[lib_footprint_issues]: The current configuration does not include the library 'Resistor_SMD'.
    Local override; Severity: warning
    @(86.0000 mm, 93.0000 mm): Footprint R1
[lib_footprint_issues]: The current configuration does not include the library 'Resistor_SMD'.
    Local override; Severity: warning
    @(125.0000 mm, 99.0000 mm): Footprint R8
[lib_footprint_issues]: The current configuration does not include the library 'Resistor_SMD'.
    Local override; Severity: warning
    @(122.0000 mm, 99.0000 mm): Footprint R7
[lib_footprint_issues]: The current configuration does not include the library 'Diode_SMD'.
    Local override; Severity: warning
    @(104.0000 mm, 109.0000 mm): Footprint D9
[lib_footprint_issues]: The current configuration does not include the library 'Diode_SMD'.
    Local override; Severity: warning
    @(104.0000 mm, 121.4800 mm): Footprint D8
[lib_footprint_issues]: The current configuration does not include the library 'Diode_SMD'.
    Local override; Severity: warning
    @(82.4700 mm, 114.0000 mm): Footprint D4
[lib_footprint_issues]: The current configuration does not include the library 'Resistor_SMD'.
    Local override; Severity: warning
    @(84.0000 mm, 93.0000 mm): Footprint R2
[lib_footprint_issues]: The current configuration does not include the library 'Capacitor_SMD'.
    Local override; Severity: warning
    @(92.0000 mm, 99.0000 mm): Footprint C5
[lib_footprint_issues]: The current configuration does not include the library 'Capacitor_SMD'.
    Local override; Severity: warning
    @(97.0000 mm, 93.0000 mm): Footprint C1
[lib_footprint_issues]: The current configuration does not include the library 'Resistor_SMD'.
    Local override; Severity: warning
    @(119.0000 mm, 99.0000 mm): Footprint R6
[lib_footprint_issues]: The current configuration does not include the library 'Diode_SMD'.
    Local override; Severity: warning
    @(152.0300 mm, 111.0000 mm): Footprint D7
[lib_footprint_issues]: The current configuration does not include the library 'Resistor_SMD'.
    Local override; Severity: warning
    @(116.0000 mm, 90.0000 mm): Footprint R5
[silk_edge_clearance]: Silkscreen clipped by board edge
    Rule: board setup constraints silk; Severity: warning
    @(165.0000 mm, 83.5000 mm): Line on Edge.Cuts
    @(62.1900 mm, 86.1000 mm): Line on F.Silkscreen
[silk_edge_clearance]: Silkscreen clipped by board edge
    Rule: board setup constraints silk; Severity: warning
    @(165.0000 mm, 83.5000 mm): Line on Edge.Cuts
    @(64.7300 mm, 86.1000 mm): Line on F.Silkscreen
[silk_edge_clearance]: Silkscreen clipped by board edge
    Rule: board setup constraints silk; Severity: warning
    @(165.0000 mm, 83.5000 mm): Line on Edge.Cuts
    @(67.2700 mm, 86.1000 mm): Line on F.Silkscreen
[silk_edge_clearance]: Silkscreen clipped by board edge
    Rule: board setup constraints silk; Severity: warning
    @(165.0000 mm, 83.5000 mm): Line on Edge.Cuts
    @(69.8100 mm, 86.1000 mm): Line on F.Silkscreen
[silk_edge_clearance]: Silkscreen clipped by board edge
    Rule: board setup constraints silk; Severity: warning
    @(165.0000 mm, 83.5000 mm): Line on Edge.Cuts
    @(72.4100 mm, 86.1000 mm): Line on F.Silkscreen
[silk_edge_clearance]: Silkscreen clipped by board edge
    Rule: board setup constraints silk; Severity: warning
    @(165.0000 mm, 83.5000 mm): Line on Edge.Cuts
    @(59.5900 mm, 83.4400 mm): Line on F.Silkscreen

** Found 0 unconnected pads **

** Found 0 Footprint errors **

** End of Report **
